// Jest Snapshot v1, https://goo.gl/fbAQLP

exports[`should show artist related 1`] = `
<div
  style={
    Object {
      "color": "#ffffff",
      "display": "flex",
      "flexDirection": "column",
    }
  }
>
  <p
    style={
      Object {
        "fontSize": "1.6rem",
        "fontWeight": "900",
        "textAlign": "left",
      }
    }
  >
    Artistas Relacionados
  </p>
  <p
    style={
      Object {
        "fontSize": "1.3rem",
        "textAlign": "center",
      }
    }
  >
    Selecione um artista para ver os artistas relacionados:
  </p>
</div>
`;
